## Running a container
$ docker run ubuntu echo hello world

## Running a container interactively

$ docker run -it ubuntu bash  
root@04c0bb0a6c07:/#

root@04c0bb0a6c07:/# curl ifconfig.me/ip  
bash: curl: command not found
root@04c0bb0a6c07:/# dpkg -l | wc -l 
101

root@04c0bb0a6c07:/# apt-get update && apt-get install -y curl
root@04c0bb0a6c07:/# curl ifconfig.me/ip  
root@04c0bb0a6c07:/# exit

##Â Runnning a not interactive container
docker run jpetazzo/clock

docker run -d jpetazzo/clock  

docker ps
docker ps -q
docker ps -l 
docker logs IDclock
docker top IDclock

## Two ways to terminate the detached container.
## docker kill: stops the containers by KILL signal
## docker stop: sends TERM signal (and KILL signal if not stopped after 10 seg)

docker stop IDclock
docker start IDclock
docker kill IDclock
docker rm IDclock

docker run -d tomcat
docker exec -it IDtomcat  bash

## Killing and removing all containers
docker ps -aq|xargs docker kill
docker ps -aq|xargs docker rm -v

# Exercise

## Download the image yjjy0921/redhat7.2

## Run the contanair

## Create a file and go out of the contanair
## Restart the contanair to check the changes are still there



